ahdlcmicompile: Compiling ahdlcmi in pqc_top_wrapper.ahdlSimDB//bsource_f74ba3.va.bsource_f74ba3.ahdlcmi/Linux-64/ for Linux-64 with optimize using gcc on Wed Jul  8 10:14:19 EDT 2026 [5.0]
ahdlcmicompile: Generating makefile
PATH:  /opt/tools/Cadence/CadenceTools/LIBERATE217/bin:/opt/tools/Cadence/CadenceTools/LIBERATE217/tools.lnx86/bin/64bit:/opt/tools/Cadence/CadenceTools/LIBERATE217/tools.lnx86/bin:/opt/tools/Cadence/Cadence_lib/scl_pdk_v3/SCLPDK_V3.0_KIT/scl180/pdk/cdns/sclpdk_v3/HOTCODE/bin/rfbin:/opt/tools/Cadence/Cadence_lib/scl_pdk_v3/SCLPDK_V3.0_KIT/scl180/pdk/cdns/sclpdk_v3/HOTCODE/amslibs/cds_default/cdsware/bin:/opt/Xilinx/Vivado/2018.2/bin:/opt/tools/Cadence/CadenceTools/JUG/jasper_2023.12p001/bin:/opt/tools/Cadence/CadenceTools/SSV211/bin:/opt/tools/Cadence/CalibreNew/aoi_cal_2022.2_15.10/bin:/opt/tools/Cadence/CadenceTools/GENUS211/bin:/opt/tools/Cadence/CadenceTools/GENUS211/share/bin:/opt/tools/Cadence/CadenceTools/GENUS211/tools.lnx86/bin:/opt/tools/Cadence/CadenceTools/PVS191/bin/bin:/opt/tools/Cadence/CadenceTools/QUANTUS201/bin:/opt/tools/Cadence/CadenceTools/INNOVUS211/bin:/opt/tools/Cadence/CadenceTools/INNOVUS211/share/bin:/opt/tools/Cadence/CadenceTools/INNOVUS211/tools.lnx86/bin:/opt/tools/Cadence/CadenceTools/INNOVUS211/tools/dfII/bin:/opt/tools/Cadence/CadenceTools/INNOVUS211/oa_v22.50.028/bin:/opt/tools/Cadence/CadenceTools/SPECTRE201/bin:/opt/tools/Cadence/CadenceTools/INCISIVE152/bin:/opt/tools/Cadence/CadenceTools/INCISIVE152/tools.lnx86/bin:/opt/tools/Cadence/CadenceTools/IC618/bin:/opt/tools/Cadence/CadenceTools/IC618/tools.lnx86/dfII/bin:/opt/tools/Cadence/CadenceTools/IScape/bin:/usr/lib64/qt-3.3/bin:/usr/local/bin:/usr/bin:/usr/local/sbin:/usr/sbin:/home/debajyoti/.local/bin:/home/debajyoti/bin:/opt/tools/Cadence/CadenceTools/PVS191/bin/tools.lnx86/bin
LD_LIBRARY_PATH:  /opt/tools/Cadence/CadenceTools/LIBERATE217/tools.lnx86/giganta/lib/64bit:/opt/tools/Cadence/CadenceTools/LIBERATE217/tools.lnx86/mdl/lib/64bit:/opt/tools/Cadence/CadenceTools/LIBERATE217/tools.lnx86/mmsim/lib/64bit:/opt/tools/Cadence/CadenceTools/LIBERATE217/tools.lnx86/tcltk-8.4.20/lib/64bit:/opt/tools/Cadence/CadenceTools/LIBERATE217/tools.lnx86/python/64bit/lib:/opt/tools/Cadence/CadenceTools/LIBERATE217/tools.lnx86/inca/lib/64bit:/opt/tools/Cadence/CadenceTools/LIBERATE217/tools.lnx86/awrmwo/lib/64bit:/opt/tools/Cadence/CadenceTools/LIBERATE217/tools.lnx86/spectre/lib/64bit:/opt/tools/Cadence/CadenceTools/LIBERATE217/tools.lnx86/dfII/lib/64bit:/opt/tools/Cadence/CadenceTools/LIBERATE217/tools.lnx86/fmc/lib/64bit:/opt/tools/Cadence/CadenceTools/LIBERATE217/tools.lnx86/lib/64bit:/opt/tools/Cadence/CadenceTools/LIBERATE217/tools.lnx86/lib/64bit:/opt/tools/Cadence/CadenceTools/LIBERATE217/tools.lnx86/lib:/opt/tools/Cadence/CadenceTools/LIBERATE217/tools.lnx86/lib/64bit/RHEL/RHEL7
/opt/tools/Cadence/CadenceTools/LIBERATE217/tools.lnx86/spectre/ahdlcmi/bin/gnumake -j4 -f GNUmakefile
Cleaning ./obj/optimize/5.0
rm -f -rf ./obj/optimize/5.0
Compiling C file bsource_f74ba3_func.c (optimize)
/opt/tools/Cadence/CadenceTools/LIBERATE217/tools.lnx86/spectre/ahdlcmi/bin/64bit/ahdlcc 0 /opt/tools/Cadence/CadenceTools/LIBERATE217/tools.lnx86/cdsgcc/gcc/6.3/bin/gcc  -march=k8 -ffast-math  -fno-unsafe-math-optimizations -O3 -m64 -DSYSV -DSVR4 -D_REENTRANT -fPIC   -DconfigSPECTRE -I. -I/opt/tools/Cadence/CadenceTools/LIBERATE217/tools.lnx86/spectre/ahdlcmi/include -c bsource_f74ba3_func.c -o obj/optimize/5.0/bsource_f74ba3_func.o || rm -f -f obj/optimize/5.0/bsource_f74ba3_func.o
Compiling C file bsource_f74ba3_DcFuncDerLoad.c (optimize)
/opt/tools/Cadence/CadenceTools/LIBERATE217/tools.lnx86/spectre/ahdlcmi/bin/64bit/ahdlcc 0 /opt/tools/Cadence/CadenceTools/LIBERATE217/tools.lnx86/cdsgcc/gcc/6.3/bin/gcc  -march=k8 -ffast-math  -fno-unsafe-math-optimizations -O3 -m64 -DSYSV -DSVR4 -D_REENTRANT -fPIC   -DconfigSPECTRE -I. -I/opt/tools/Cadence/CadenceTools/LIBERATE217/tools.lnx86/spectre/ahdlcmi/include -c bsource_f74ba3_DcFuncDerLoad.c -o obj/optimize/5.0/bsource_f74ba3_DcFuncDerLoad.o || rm -f -f obj/optimize/5.0/bsource_f74ba3_DcFuncDerLoad.o
Compiling C file bsource_f74ba3_DcFuncLoad.c (optimize)
/opt/tools/Cadence/CadenceTools/LIBERATE217/tools.lnx86/spectre/ahdlcmi/bin/64bit/ahdlcc 0 /opt/tools/Cadence/CadenceTools/LIBERATE217/tools.lnx86/cdsgcc/gcc/6.3/bin/gcc  -march=k8 -ffast-math  -fno-unsafe-math-optimizations -O3 -m64 -DSYSV -DSVR4 -D_REENTRANT -fPIC   -DconfigSPECTRE -I. -I/opt/tools/Cadence/CadenceTools/LIBERATE217/tools.lnx86/spectre/ahdlcmi/include -c bsource_f74ba3_DcFuncLoad.c -o obj/optimize/5.0/bsource_f74ba3_DcFuncLoad.o || rm -f -f obj/optimize/5.0/bsource_f74ba3_DcFuncLoad.o
Compiling C file bsource_f74ba3_TranFuncDerLoad.c (optimize)
/opt/tools/Cadence/CadenceTools/LIBERATE217/tools.lnx86/spectre/ahdlcmi/bin/64bit/ahdlcc 0 /opt/tools/Cadence/CadenceTools/LIBERATE217/tools.lnx86/cdsgcc/gcc/6.3/bin/gcc  -march=k8 -ffast-math  -fno-unsafe-math-optimizations -O3 -m64 -DSYSV -DSVR4 -D_REENTRANT -fPIC   -DconfigSPECTRE -I. -I/opt/tools/Cadence/CadenceTools/LIBERATE217/tools.lnx86/spectre/ahdlcmi/include -c bsource_f74ba3_TranFuncDerLoad.c -o obj/optimize/5.0/bsource_f74ba3_TranFuncDerLoad.o || rm -f -f obj/optimize/5.0/bsource_f74ba3_TranFuncDerLoad.o
rm -f -rf bsource_f74ba3_DcFuncLoad.c
Compiling C file bsource_f74ba3_TranFuncDerSimLoad.c (optimize)
/opt/tools/Cadence/CadenceTools/LIBERATE217/tools.lnx86/spectre/ahdlcmi/bin/64bit/ahdlcc 0 /opt/tools/Cadence/CadenceTools/LIBERATE217/tools.lnx86/cdsgcc/gcc/6.3/bin/gcc  -march=k8 -ffast-math  -fno-unsafe-math-optimizations -O3 -m64 -DSYSV -DSVR4 -D_REENTRANT -fPIC   -DconfigSPECTRE -I. -I/opt/tools/Cadence/CadenceTools/LIBERATE217/tools.lnx86/spectre/ahdlcmi/include -c bsource_f74ba3_TranFuncDerSimLoad.c -o obj/optimize/5.0/bsource_f74ba3_TranFuncDerSimLoad.o || rm -f -f obj/optimize/5.0/bsource_f74ba3_TranFuncDerSimLoad.o
rm -f -rf bsource_f74ba3_func.c
Compiling C file bsource_f74ba3_TranFuncLoad.c (optimize)
/opt/tools/Cadence/CadenceTools/LIBERATE217/tools.lnx86/spectre/ahdlcmi/bin/64bit/ahdlcc 0 /opt/tools/Cadence/CadenceTools/LIBERATE217/tools.lnx86/cdsgcc/gcc/6.3/bin/gcc  -march=k8 -ffast-math  -fno-unsafe-math-optimizations -O3 -m64 -DSYSV -DSVR4 -D_REENTRANT -fPIC   -DconfigSPECTRE -I. -I/opt/tools/Cadence/CadenceTools/LIBERATE217/tools.lnx86/spectre/ahdlcmi/include -c bsource_f74ba3_TranFuncLoad.c -o obj/optimize/5.0/bsource_f74ba3_TranFuncLoad.o || rm -f -f obj/optimize/5.0/bsource_f74ba3_TranFuncLoad.o
rm -f -rf bsource_f74ba3_DcFuncDerLoad.c
Compiling C file bsource_f74ba3_TranFuncSimLoad.c (optimize)
/opt/tools/Cadence/CadenceTools/LIBERATE217/tools.lnx86/spectre/ahdlcmi/bin/64bit/ahdlcc 0 /opt/tools/Cadence/CadenceTools/LIBERATE217/tools.lnx86/cdsgcc/gcc/6.3/bin/gcc  -march=k8 -ffast-math  -fno-unsafe-math-optimizations -O3 -m64 -DSYSV -DSVR4 -D_REENTRANT -fPIC   -DconfigSPECTRE -I. -I/opt/tools/Cadence/CadenceTools/LIBERATE217/tools.lnx86/spectre/ahdlcmi/include -c bsource_f74ba3_TranFuncSimLoad.c -o obj/optimize/5.0/bsource_f74ba3_TranFuncSimLoad.o || rm -f -f obj/optimize/5.0/bsource_f74ba3_TranFuncSimLoad.o
rm -f -rf bsource_f74ba3_TranFuncDerLoad.c
Compiling C file bsource_f74ba3_OpPointCalc.c (optimize)
/opt/tools/Cadence/CadenceTools/LIBERATE217/tools.lnx86/spectre/ahdlcmi/bin/64bit/ahdlcc 0 /opt/tools/Cadence/CadenceTools/LIBERATE217/tools.lnx86/cdsgcc/gcc/6.3/bin/gcc  -march=k8 -ffast-math  -fno-unsafe-math-optimizations -O3 -m64 -DSYSV -DSVR4 -D_REENTRANT -fPIC   -DconfigSPECTRE -I. -I/opt/tools/Cadence/CadenceTools/LIBERATE217/tools.lnx86/spectre/ahdlcmi/include -c bsource_f74ba3_OpPointCalc.c -o obj/optimize/5.0/bsource_f74ba3_OpPointCalc.o || rm -f -f obj/optimize/5.0/bsource_f74ba3_OpPointCalc.o
rm -f -rf bsource_f74ba3_TranFuncSimLoad.c
Compiling C file bsource_f74ba3_cmi_c.c (optimize)
/opt/tools/Cadence/CadenceTools/LIBERATE217/tools.lnx86/spectre/ahdlcmi/bin/64bit/ahdlcc 0 /opt/tools/Cadence/CadenceTools/LIBERATE217/tools.lnx86/cdsgcc/gcc/6.3/bin/gcc  -march=k8 -ffast-math  -fno-unsafe-math-optimizations -O3 -m64 -DSYSV -DSVR4 -D_REENTRANT -fPIC   -DconfigSPECTRE -I. -I/opt/tools/Cadence/CadenceTools/LIBERATE217/tools.lnx86/spectre/ahdlcmi/include -I/opt/tools/Cadence/CadenceTools/LIBERATE217/tools.lnx86/cmi/include -c bsource_f74ba3_cmi_c.c -o obj/optimize/5.0/bsource_f74ba3_cmi_c.o || rm -f -f obj/optimize/5.0/bsource_f74ba3_cmi_c.o
rm -f -rf bsource_f74ba3_OpPointCalc.c
rm -f -rf bsource_f74ba3_TranFuncLoad.c
<stdin>: In function 'bsource_f74ba3_pGetInstanceParams':
<stdin>:1213:69: warning: implicit declaration of function 'devGetInstKnotStatus' [-Wimplicit-function-declaration]
rm -f -rf bsource_f74ba3_TranFuncDerSimLoad.c
<stdin>: In function 'bsource_f74ba3_pDC_Load':
<stdin>:1497:33: warning: passing argument 1 of 'aslDevFillZeorDiagonalElemet' makes pointer from integer without a cast [-Wint-conversion]
In file included from <stdin>:24:0:
/opt/tools/Cadence/CadenceTools/LIBERATE217/tools.lnx86/spectre/ahdlcmi/include/ahdlDevLibGlobal.h:2788:33: note: expected 'void *' but argument is of type 'long int'
 ASL_FUNC_DECL_START extern void aslDevFillZeorDiagonalElemet( void *, int, unsigned int, struct ahdlFuncModeParam * );
                                 ^~~~~~~~~~~~~~~~~~~~~~~~~~~~
<stdin>: In function 'bsource_f74ba3_pCloneStencil':
<stdin>:1820:36: warning: assignment makes integer from pointer without a cast [-Wint-conversion]
<stdin>:1821:22: warning: passing argument 1 of 'aslDevMemcpy_wrap' makes pointer from integer without a cast [-Wint-conversion]
In file included from <stdin>:24:0:
/opt/tools/Cadence/CadenceTools/LIBERATE217/tools.lnx86/spectre/ahdlcmi/include/ahdlDevLibGlobal.h:1404:34: note: expected 'void *' but argument is of type 'long int'
 ASL_FUNC_DECL_START extern void *aslDevMemcpy_wrap( void *, const void *, size_t );
                                  ^~~~~~~~~~~~~~~~~
<stdin>:1821:56: warning: passing argument 2 of 'aslDevMemcpy_wrap' makes pointer from integer without a cast [-Wint-conversion]
In file included from <stdin>:24:0:
/opt/tools/Cadence/CadenceTools/LIBERATE217/tools.lnx86/spectre/ahdlcmi/include/ahdlDevLibGlobal.h:1404:34: note: expected 'const void *' but argument is of type 'long int'
 ASL_FUNC_DECL_START extern void *aslDevMemcpy_wrap( void *, const void *, size_t );
                                  ^~~~~~~~~~~~~~~~~
<stdin>: In function 'bsource_f74ba3_pCompare':
<stdin>:1922:37: warning: assignment makes integer from pointer without a cast [-Wint-conversion]
<stdin>:1923:12: warning: passing argument 1 of 'memcpy' makes pointer from integer without a cast [-Wint-conversion]
In file included from /opt/tools/Cadence/CadenceTools/LIBERATE217/tools.lnx86/spectre/ahdlcmi/include/ahdlPiCmi.h:5:0,
                 from /opt/tools/Cadence/CadenceTools/LIBERATE217/tools.lnx86/spectre/ahdlcmi/include/ahdlDevLibGlobal.h:83,
                 from <stdin>:24:
/usr/include/string.h:42:14: note: expected 'void * restrict' but argument is of type 'long int'
 extern void *memcpy (void *__restrict __dest, const void *__restrict __src,
              ^~~~~~
<stdin>:1923:47: warning: passing argument 2 of 'memcpy' makes pointer from integer without a cast [-Wint-conversion]
In file included from /opt/tools/Cadence/CadenceTools/LIBERATE217/tools.lnx86/spectre/ahdlcmi/include/ahdlPiCmi.h:5:0,
                 from /opt/tools/Cadence/CadenceTools/LIBERATE217/tools.lnx86/spectre/ahdlcmi/include/ahdlDevLibGlobal.h:83,
                 from <stdin>:24:
/usr/include/string.h:42:14: note: expected 'const void * restrict' but argument is of type 'long int'
 extern void *memcpy (void *__restrict __dest, const void *__restrict __src,
              ^~~~~~
<stdin>:1925:37: warning: assignment makes integer from pointer without a cast [-Wint-conversion]
<stdin>: In function 'bsource_f74ba3_pGetMatrixPointers':
<stdin>:2099:34: warning: assignment makes integer from pointer without a cast [-Wint-conversion]
<stdin>: In function 'bsource_f74ba3_pAnalTranLoad':
<stdin>:2814:34: warning: passing argument 1 of 'aslDevFillZeorDiagonalElemet' makes pointer from integer without a cast [-Wint-conversion]
In file included from <stdin>:24:0:
/opt/tools/Cadence/CadenceTools/LIBERATE217/tools.lnx86/spectre/ahdlcmi/include/ahdlDevLibGlobal.h:2788:33: note: expected 'void *' but argument is of type 'long int'
 ASL_FUNC_DECL_START extern void aslDevFillZeorDiagonalElemet( void *, int, unsigned int, struct ahdlFuncModeParam * );
                                 ^~~~~~~~~~~~~~~~~~~~~~~~~~~~
<stdin>: In function 'bsource_f74ba3_pNoiseBindSrcs':
<stdin>:3056:49: warning: passing argument 3 of 'aslDevNoiseBindStartModel' discards 'const' qualifier from pointer target type [-Wdiscarded-qualifiers]
In file included from <stdin>:24:0:
/opt/tools/Cadence/CadenceTools/LIBERATE217/tools.lnx86/spectre/ahdlcmi/include/ahdlDevLibGlobal.h:1135:33: note: expected 'char *' but argument is of type 'devModelID {aka const char *}'
 ASL_FUNC_DECL_START extern void aslDevNoiseBindStartModel( struct noiseData *, devInstKnot *, char *, char * );
                                 ^~~~~~~~~~~~~~~~~~~~~~~~~
<stdin>: In function 'bsource_f74ba3_pNoiseNameSrcs':
<stdin>:3119:44: warning: passing argument 3 of 'aslDevNoiseNameModel' discards 'const' qualifier from pointer target type [-Wdiscarded-qualifiers]
In file included from <stdin>:24:0:
/opt/tools/Cadence/CadenceTools/LIBERATE217/tools.lnx86/spectre/ahdlcmi/include/ahdlDevLibGlobal.h:1143:40: note: expected 'char *' but argument is of type 'devModelID {aka const char *}'
 ASL_FUNC_DECL_START extern msgSeverity aslDevNoiseNameModel( struct noiseData *, devInstKnot *, char *, char * );
                                        ^~~~~~~~~~~~~~~~~~~~
<stdin>: In function 'bsource_f74ba3_pSaveRestart':
<stdin>:3267:4: warning: implicit declaration of function 'pklAccessDouble' [-Wimplicit-function-declaration]
<stdin>:3268:30: warning: passing argument 2 of 'aslDevAvarSR' from incompatible pointer type [-Wincompatible-pointer-types]
In file included from <stdin>:24:0:
/opt/tools/Cadence/CadenceTools/LIBERATE217/tools.lnx86/spectre/ahdlcmi/include/ahdlDevLibGlobal.h:1265:39: note: expected 'struct ahdlAnalogVar *' but argument is of type 'char *'
 ASL_FUNC_DECL_START extern PklError_e aslDevAvarSR( int, struct ahdlAnalogVar *, char *, char *, char *, PklJar_t * );
                                       ^~~~~~~~~~~~
<stdin>: In function 'bsource_f74ba3_pSaveRestartInst':
<stdin>:3336:28: warning: passing argument 2 of 'aslDevAvarSR' from incompatible pointer type [-Wincompatible-pointer-types]
In file included from <stdin>:24:0:
/opt/tools/Cadence/CadenceTools/LIBERATE217/tools.lnx86/spectre/ahdlcmi/include/ahdlDevLibGlobal.h:1265:39: note: expected 'struct ahdlAnalogVar *' but argument is of type 'char *'
 ASL_FUNC_DECL_START extern PklError_e aslDevAvarSR( int, struct ahdlAnalogVar *, char *, char *, char *, PklJar_t * );
                                       ^~~~~~~~~~~~
<stdin>: In function 'ahdlbsource_f74ba3DescInstall':
<stdin>:3475:2: warning: implicit declaration of function 'descSetDeviceType' [-Wimplicit-function-declaration]
<stdin>:3477:2: warning: implicit declaration of function 'descSetSetContrInfoPtr' [-Wimplicit-function-declaration]
<stdin>:3484:2: warning: implicit declaration of function 'descSetCopySignals' [-Wimplicit-function-declaration]
<stdin>:3485:2: warning: implicit declaration of function 'descSetCloneStencil' [-Wimplicit-function-declaration]
<stdin>:3501:2: warning: implicit declaration of function 'descSetPreload' [-Wimplicit-function-declaration]
<stdin>:3508:2: warning: implicit declaration of function 'descSetNoiseLoadFreqDep' [-Wimplicit-function-declaration]
<stdin>:3510:2: warning: implicit declaration of function 'descSetNoiseBindSrcs' [-Wimplicit-function-declaration]
<stdin>:3511:2: warning: implicit declaration of function 'descSetNoiseNameSrcs' [-Wimplicit-function-declaration]
<stdin>:3516:2: warning: implicit declaration of function 'descSetGetNodeNamesForBranch' [-Wimplicit-function-declaration]
<stdin>:3517:2: warning: implicit declaration of function 'descSetGetLinearityFactor' [-Wimplicit-function-declaration]
rm -f -rf bsource_f74ba3_cmi_c.c
/opt/tools/Cadence/CadenceTools/LIBERATE217/tools.lnx86/cdsgcc/gcc/6.3/bin/gcc -shared -O3 -m64 -fPIC -o obj/optimize/5.0/libahdlcmi_bsource_f74ba3.so ./obj/optimize/5.0/bsource_f74ba3_func.o ./obj/optimize/5.0/bsource_f74ba3_DcFuncDerLoad.o ./obj/optimize/5.0/bsource_f74ba3_DcFuncLoad.o ./obj/optimize/5.0/bsource_f74ba3_TranFuncDerLoad.o ./obj/optimize/5.0/bsource_f74ba3_TranFuncDerSimLoad.o ./obj/optimize/5.0/bsource_f74ba3_TranFuncLoad.o ./obj/optimize/5.0/bsource_f74ba3_TranFuncSimLoad.o ./obj/optimize/5.0/bsource_f74ba3_OpPointCalc.o ./obj/optimize/5.0/bsource_f74ba3_cmi_c.o  -Wl,-rpath,/usr/lib -Wl,-rpath,/lib -s 
rm -f -f ./obj/optimize/5.0/bsource_f74ba3_func.o ./obj/optimize/5.0/bsource_f74ba3_DcFuncDerLoad.o ./obj/optimize/5.0/bsource_f74ba3_DcFuncLoad.o ./obj/optimize/5.0/bsource_f74ba3_TranFuncDerLoad.o ./obj/optimize/5.0/bsource_f74ba3_TranFuncDerSimLoad.o ./obj/optimize/5.0/bsource_f74ba3_TranFuncLoad.o ./obj/optimize/5.0/bsource_f74ba3_TranFuncSimLoad.o ./obj/optimize/5.0/bsource_f74ba3_OpPointCalc.o ./obj/optimize/5.0/bsource_f74ba3_cmi_c.o 
