ahdlcmicompile: Compiling ahdlcmi in pqc_top_wrapper.ahdlSimDB//bsource_7bc9d4.va.bsource_7bc9d4.ahdlcmi/Linux-64/ for Linux-64 with optimize using gcc on Wed Jul  8 10:14:21 EDT 2026 [5.0]
ahdlcmicompile: Generating makefile
PATH:  /opt/tools/Cadence/CadenceTools/LIBERATE217/bin:/opt/tools/Cadence/CadenceTools/LIBERATE217/tools.lnx86/bin/64bit:/opt/tools/Cadence/CadenceTools/LIBERATE217/tools.lnx86/bin:/opt/tools/Cadence/Cadence_lib/scl_pdk_v3/SCLPDK_V3.0_KIT/scl180/pdk/cdns/sclpdk_v3/HOTCODE/bin/rfbin:/opt/tools/Cadence/Cadence_lib/scl_pdk_v3/SCLPDK_V3.0_KIT/scl180/pdk/cdns/sclpdk_v3/HOTCODE/amslibs/cds_default/cdsware/bin:/opt/Xilinx/Vivado/2018.2/bin:/opt/tools/Cadence/CadenceTools/JUG/jasper_2023.12p001/bin:/opt/tools/Cadence/CadenceTools/SSV211/bin:/opt/tools/Cadence/CalibreNew/aoi_cal_2022.2_15.10/bin:/opt/tools/Cadence/CadenceTools/GENUS211/bin:/opt/tools/Cadence/CadenceTools/GENUS211/share/bin:/opt/tools/Cadence/CadenceTools/GENUS211/tools.lnx86/bin:/opt/tools/Cadence/CadenceTools/PVS191/bin/bin:/opt/tools/Cadence/CadenceTools/QUANTUS201/bin:/opt/tools/Cadence/CadenceTools/INNOVUS211/bin:/opt/tools/Cadence/CadenceTools/INNOVUS211/share/bin:/opt/tools/Cadence/CadenceTools/INNOVUS211/tools.lnx86/bin:/opt/tools/Cadence/CadenceTools/INNOVUS211/tools/dfII/bin:/opt/tools/Cadence/CadenceTools/INNOVUS211/oa_v22.50.028/bin:/opt/tools/Cadence/CadenceTools/SPECTRE201/bin:/opt/tools/Cadence/CadenceTools/INCISIVE152/bin:/opt/tools/Cadence/CadenceTools/INCISIVE152/tools.lnx86/bin:/opt/tools/Cadence/CadenceTools/IC618/bin:/opt/tools/Cadence/CadenceTools/IC618/tools.lnx86/dfII/bin:/opt/tools/Cadence/CadenceTools/IScape/bin:/usr/lib64/qt-3.3/bin:/usr/local/bin:/usr/bin:/usr/local/sbin:/usr/sbin:/home/debajyoti/.local/bin:/home/debajyoti/bin:/opt/tools/Cadence/CadenceTools/PVS191/bin/tools.lnx86/bin
LD_LIBRARY_PATH:  /opt/tools/Cadence/CadenceTools/LIBERATE217/tools.lnx86/giganta/lib/64bit:/opt/tools/Cadence/CadenceTools/LIBERATE217/tools.lnx86/mdl/lib/64bit:/opt/tools/Cadence/CadenceTools/LIBERATE217/tools.lnx86/mmsim/lib/64bit:/opt/tools/Cadence/CadenceTools/LIBERATE217/tools.lnx86/tcltk-8.4.20/lib/64bit:/opt/tools/Cadence/CadenceTools/LIBERATE217/tools.lnx86/python/64bit/lib:/opt/tools/Cadence/CadenceTools/LIBERATE217/tools.lnx86/inca/lib/64bit:/opt/tools/Cadence/CadenceTools/LIBERATE217/tools.lnx86/awrmwo/lib/64bit:/opt/tools/Cadence/CadenceTools/LIBERATE217/tools.lnx86/spectre/lib/64bit:/opt/tools/Cadence/CadenceTools/LIBERATE217/tools.lnx86/dfII/lib/64bit:/opt/tools/Cadence/CadenceTools/LIBERATE217/tools.lnx86/fmc/lib/64bit:/opt/tools/Cadence/CadenceTools/LIBERATE217/tools.lnx86/lib/64bit:/opt/tools/Cadence/CadenceTools/LIBERATE217/tools.lnx86/lib/64bit:/opt/tools/Cadence/CadenceTools/LIBERATE217/tools.lnx86/lib:/opt/tools/Cadence/CadenceTools/LIBERATE217/tools.lnx86/lib/64bit/RHEL/RHEL7
/opt/tools/Cadence/CadenceTools/LIBERATE217/tools.lnx86/spectre/ahdlcmi/bin/gnumake -j4 -f GNUmakefile
Cleaning ./obj/optimize/5.0
rm -f -rf ./obj/optimize/5.0
Compiling C file bsource_7bc9d4.c (optimize)
/opt/tools/Cadence/CadenceTools/LIBERATE217/tools.lnx86/spectre/ahdlcmi/bin/64bit/ahdlcc 0 /opt/tools/Cadence/CadenceTools/LIBERATE217/tools.lnx86/cdsgcc/gcc/6.3/bin/gcc  -march=k8 -ffast-math  -fno-unsafe-math-optimizations -O3 -m64 -DSYSV -DSVR4 -D_REENTRANT -fPIC   -DconfigSPECTRE -I. -I/opt/tools/Cadence/CadenceTools/LIBERATE217/tools.lnx86/spectre/ahdlcmi/include -c bsource_7bc9d4.c -o obj/optimize/5.0/bsource_7bc9d4.o || rm -f -f obj/optimize/5.0/bsource_7bc9d4.o
<stdin>: In function 'bsource_7bc9d4_DcFuncDerLoad':
<stdin>:232:35: warning: passing argument 1 of 'aslDevInterAddStaticElement' makes pointer from integer without a cast [-Wint-conversion]
In file included from <stdin>:24:0:
/opt/tools/Cadence/CadenceTools/LIBERATE217/tools.lnx86/spectre/ahdlcmi/include/ahdlDevLibGlobal.h:2228:33: note: expected 'void *' but argument is of type 'long int'
 ASL_FUNC_DECL_START extern long aslDevInterAddStaticElement( void *, double, struct ahdlFuncModeParam * );
                                 ^~~~~~~~~~~~~~~~~~~~~~~~~~~
<stdin>: In function 'bsource_7bc9d4_TranFuncDerLoad':
<stdin>:650:35: warning: passing argument 1 of 'aslDevInterAddStaticElement' makes pointer from integer without a cast [-Wint-conversion]
In file included from <stdin>:24:0:
/opt/tools/Cadence/CadenceTools/LIBERATE217/tools.lnx86/spectre/ahdlcmi/include/ahdlDevLibGlobal.h:2228:33: note: expected 'void *' but argument is of type 'long int'
 ASL_FUNC_DECL_START extern long aslDevInterAddStaticElement( void *, double, struct ahdlFuncModeParam * );
                                 ^~~~~~~~~~~~~~~~~~~~~~~~~~~
<stdin>:656:36: warning: passing argument 1 of 'aslDevInterAddDynamicElement' makes pointer from integer without a cast [-Wint-conversion]
In file included from <stdin>:24:0:
/opt/tools/Cadence/CadenceTools/LIBERATE217/tools.lnx86/spectre/ahdlcmi/include/ahdlDevLibGlobal.h:2230:33: note: expected 'void *' but argument is of type 'long int'
 ASL_FUNC_DECL_START extern long aslDevInterAddDynamicElement( void *, double, struct ahdlFuncModeParam * );
                                 ^~~~~~~~~~~~~~~~~~~~~~~~~~~~
<stdin>:658:36: warning: passing argument 1 of 'aslDevInterAddDynamicElement' makes pointer from integer without a cast [-Wint-conversion]
In file included from <stdin>:24:0:
/opt/tools/Cadence/CadenceTools/LIBERATE217/tools.lnx86/spectre/ahdlcmi/include/ahdlDevLibGlobal.h:2230:33: note: expected 'void *' but argument is of type 'long int'
 ASL_FUNC_DECL_START extern long aslDevInterAddDynamicElement( void *, double, struct ahdlFuncModeParam * );
                                 ^~~~~~~~~~~~~~~~~~~~~~~~~~~~
<stdin>: In function 'bsource_7bc9d4_pGetInstanceParams':
<stdin>:2007:69: warning: implicit declaration of function 'devGetInstKnotStatus' [-Wimplicit-function-declaration]
<stdin>: In function 'bsource_7bc9d4_pDC_Load':
<stdin>:2290:33: warning: passing argument 1 of 'aslDevFillZeorDiagonalElemet' makes pointer from integer without a cast [-Wint-conversion]
In file included from <stdin>:24:0:
/opt/tools/Cadence/CadenceTools/LIBERATE217/tools.lnx86/spectre/ahdlcmi/include/ahdlDevLibGlobal.h:2788:33: note: expected 'void *' but argument is of type 'long int'
 ASL_FUNC_DECL_START extern void aslDevFillZeorDiagonalElemet( void *, int, unsigned int, struct ahdlFuncModeParam * );
                                 ^~~~~~~~~~~~~~~~~~~~~~~~~~~~
<stdin>: In function 'bsource_7bc9d4_pCloneStencil':
<stdin>:2624:37: warning: assignment makes integer from pointer without a cast [-Wint-conversion]
<stdin>:2625:22: warning: passing argument 1 of 'aslDevMemcpy_wrap' makes pointer from integer without a cast [-Wint-conversion]
In file included from <stdin>:24:0:
/opt/tools/Cadence/CadenceTools/LIBERATE217/tools.lnx86/spectre/ahdlcmi/include/ahdlDevLibGlobal.h:1404:34: note: expected 'void *' but argument is of type 'long int'
 ASL_FUNC_DECL_START extern void *aslDevMemcpy_wrap( void *, const void *, size_t );
                                  ^~~~~~~~~~~~~~~~~
<stdin>:2625:57: warning: passing argument 2 of 'aslDevMemcpy_wrap' makes pointer from integer without a cast [-Wint-conversion]
In file included from <stdin>:24:0:
/opt/tools/Cadence/CadenceTools/LIBERATE217/tools.lnx86/spectre/ahdlcmi/include/ahdlDevLibGlobal.h:1404:34: note: expected 'const void *' but argument is of type 'long int'
 ASL_FUNC_DECL_START extern void *aslDevMemcpy_wrap( void *, const void *, size_t );
                                  ^~~~~~~~~~~~~~~~~
<stdin>: In function 'bsource_7bc9d4_pCompare':
<stdin>:2723:3: warning: implicit declaration of function 'spReplaceMatrixPointer' [-Wimplicit-function-declaration]
<stdin>:2732:38: warning: assignment makes integer from pointer without a cast [-Wint-conversion]
<stdin>:2733:12: warning: passing argument 1 of 'memcpy' makes pointer from integer without a cast [-Wint-conversion]
In file included from /opt/tools/Cadence/CadenceTools/LIBERATE217/tools.lnx86/spectre/ahdlcmi/include/ahdlPiCmi.h:5:0,
                 from /opt/tools/Cadence/CadenceTools/LIBERATE217/tools.lnx86/spectre/ahdlcmi/include/ahdlDevLibGlobal.h:83,
                 from <stdin>:24:
/usr/include/string.h:42:14: note: expected 'void * restrict' but argument is of type 'long int'
 extern void *memcpy (void *__restrict __dest, const void *__restrict __src,
              ^~~~~~
<stdin>:2733:48: warning: passing argument 2 of 'memcpy' makes pointer from integer without a cast [-Wint-conversion]
In file included from /opt/tools/Cadence/CadenceTools/LIBERATE217/tools.lnx86/spectre/ahdlcmi/include/ahdlPiCmi.h:5:0,
                 from /opt/tools/Cadence/CadenceTools/LIBERATE217/tools.lnx86/spectre/ahdlcmi/include/ahdlDevLibGlobal.h:83,
                 from <stdin>:24:
/usr/include/string.h:42:14: note: expected 'const void * restrict' but argument is of type 'long int'
 extern void *memcpy (void *__restrict __dest, const void *__restrict __src,
              ^~~~~~
<stdin>:2735:38: warning: assignment makes integer from pointer without a cast [-Wint-conversion]
<stdin>: In function 'bsource_7bc9d4_pMapSignals':
<stdin>:2795:26: warning: comparison between pointer and integer
<stdin>: In function 'bsource_7bc9d4_pGetMatrixPointers':
<stdin>:2915:35: warning: assignment makes integer from pointer without a cast [-Wint-conversion]
<stdin>: In function 'bsource_7bc9d4_pAnalTranLoad':
<stdin>:3575:34: warning: passing argument 1 of 'aslDevFillZeorDiagonalElemet' makes pointer from integer without a cast [-Wint-conversion]
In file included from <stdin>:24:0:
/opt/tools/Cadence/CadenceTools/LIBERATE217/tools.lnx86/spectre/ahdlcmi/include/ahdlDevLibGlobal.h:2788:33: note: expected 'void *' but argument is of type 'long int'
 ASL_FUNC_DECL_START extern void aslDevFillZeorDiagonalElemet( void *, int, unsigned int, struct ahdlFuncModeParam * );
                                 ^~~~~~~~~~~~~~~~~~~~~~~~~~~~
<stdin>: In function 'bsource_7bc9d4_pSaveRestart':
<stdin>:3837:4: warning: implicit declaration of function 'pklAccessDouble' [-Wimplicit-function-declaration]
<stdin>:3838:30: warning: passing argument 2 of 'aslDevAvarSR' from incompatible pointer type [-Wincompatible-pointer-types]
In file included from <stdin>:24:0:
/opt/tools/Cadence/CadenceTools/LIBERATE217/tools.lnx86/spectre/ahdlcmi/include/ahdlDevLibGlobal.h:1265:39: note: expected 'struct ahdlAnalogVar *' but argument is of type 'char *'
 ASL_FUNC_DECL_START extern PklError_e aslDevAvarSR( int, struct ahdlAnalogVar *, char *, char *, char *, PklJar_t * );
                                       ^~~~~~~~~~~~
<stdin>: In function 'bsource_7bc9d4_pSaveRestartInst':
<stdin>:3906:28: warning: passing argument 2 of 'aslDevAvarSR' from incompatible pointer type [-Wincompatible-pointer-types]
In file included from <stdin>:24:0:
/opt/tools/Cadence/CadenceTools/LIBERATE217/tools.lnx86/spectre/ahdlcmi/include/ahdlDevLibGlobal.h:1265:39: note: expected 'struct ahdlAnalogVar *' but argument is of type 'char *'
 ASL_FUNC_DECL_START extern PklError_e aslDevAvarSR( int, struct ahdlAnalogVar *, char *, char *, char *, PklJar_t * );
                                       ^~~~~~~~~~~~
<stdin>: In function 'ahdlbsource_7bc9d4DescInstall':
<stdin>:4041:2: warning: implicit declaration of function 'descSetDeviceType' [-Wimplicit-function-declaration]
<stdin>:4043:2: warning: implicit declaration of function 'descSetSetContrInfoPtr' [-Wimplicit-function-declaration]
<stdin>:4050:2: warning: implicit declaration of function 'descSetCopySignals' [-Wimplicit-function-declaration]
<stdin>:4051:2: warning: implicit declaration of function 'descSetCloneStencil' [-Wimplicit-function-declaration]
<stdin>:4078:2: warning: implicit declaration of function 'descSetGetNodeNamesForBranch' [-Wimplicit-function-declaration]
<stdin>:4079:2: warning: implicit declaration of function 'descSetGetLinearityFactor' [-Wimplicit-function-declaration]
rm -f -rf bsource_7bc9d4.c
/opt/tools/Cadence/CadenceTools/LIBERATE217/tools.lnx86/cdsgcc/gcc/6.3/bin/gcc -shared -O3 -m64 -fPIC -o obj/optimize/5.0/libahdlcmi_bsource_7bc9d4.so ./obj/optimize/5.0/bsource_7bc9d4.o  -Wl,-rpath,/usr/lib -Wl,-rpath,/lib -s 
rm -f -f ./obj/optimize/5.0/bsource_7bc9d4.o 
